<?xml version="1.0" encoding="UTF-8"?>
<testsuites name="jest tests" tests="8" failures="0" errors="0" time="2.636">
  <testsuite name="undefined" errors="0" failures="0" skipped="0" timestamp="2020-12-17T11:44:56" time="1.438" tests="1">
    <testcase classname=" renders with App and root div" name=" renders with App and root div" time="0.009">
    </testcase>
  </testsuite>
  <testsuite name="test paths" errors="0" failures="0" skipped="0" timestamp="2020-12-17T11:44:56" time="1.571" tests="6">
    <testcase classname="test paths Path home" name="test paths Path home" time="0.002">
    </testcase>
    <testcase classname="test paths Path projects" name="test paths Path projects" time="0.001">
    </testcase>
    <testcase classname="test paths Path project" name="test paths Path project" time="0.001">
    </testcase>
    <testcase classname="test paths Path toolbox" name="test paths Path toolbox" time="0">
    </testcase>
    <testcase classname="test paths Path open source" name="test paths Path open source" time="0">
    </testcase>
    <testcase classname="test paths Path about" name="test paths Path about" time="0.001">
    </testcase>
  </testsuite>
  <testsuite name="App" errors="0" failures="0" skipped="0" timestamp="2020-12-17T11:44:56" time="1.579" tests="1">
    <testcase classname="App Snapshot" name="App Snapshot" time="0.009">
    </testcase>
  </testsuite>
</testsuites>